// Jest Snapshot v1, https://goo.gl/fbAQLP

exports[`<Posts /> should match snapshot 1`] = `
<div
  class="posts"
>
  <div
    class="post"
  >
    <img
      src="img/img2.png"
    />
    <div
      class="post-content"
    >
      <h2>
         
        1
      </h2>
      <p>
        body 1
      </p>
    </div>
  </div>
  <div
    class="post"
  >
    <img
      src="img/img2.png"
    />
    <div
      class="post-content"
    >
      <h2>
         
        2
      </h2>
      <p>
        body 1
      </p>
    </div>
  </div>
  <div
    class="post"
  >
    <img
      src="img/img2.png"
    />
    <div
      class="post-content"
    >
      <h2>
         
        3
      </h2>
      <p>
        body 1
      </p>
    </div>
  </div>
</div>
`;
